../Core/Src/com.c:74:20:COM_Init	8	static
../Core/Src/com.c:107:20:COM_DeInit	0	static
../Core/Src/com.c:121:13:HAL_UART_MspInit	56	static
../Core/Src/com.c:159:13:HAL_UART_MspDeInit	8	static
../Core/Src/com.c:186:19:COM_Transmit	0	static
../Core/Src/com.c:197:19:COM_Receive	0	static
../Core/Src/com.c:207:19:COM_Flush	0	static
../Core/Src/com.c:235:1:__io_putchar	16	static
../Core/Src/com.c:249:26:Ymodem_HeaderPktRxCpltCallback	0	static
../Core/Src/com.c:264:26:Ymodem_DataPktRxCpltCallback	0	static
