../Core/Src/stm32f7xx_hal_msp.c:64:6:HAL_MspInit	8	static
../Core/Src/stm32f7xx_hal_msp.c:86:6:HAL_CRC_MspInit	8	static
../Core/Src/stm32f7xx_hal_msp.c:108:6:HAL_CRC_MspDeInit	0	static
../Core/Src/stm32f7xx_hal_msp.c:130:6:HAL_RNG_MspInit	160	static
../Core/Src/stm32f7xx_hal_msp.c:163:6:HAL_RNG_MspDeInit	0	static
../Core/Src/stm32f7xx_hal_msp.c:185:6:HAL_TIM_Base_MspInit	8	static
../Core/Src/stm32f7xx_hal_msp.c:207:6:HAL_TIM_Base_MspDeInit	0	static
../Core/Src/stm32f7xx_hal_msp.c:229:6:HAL_UART_MspInit	192	static
../Core/Src/stm32f7xx_hal_msp.c:279:6:HAL_UART_MspDeInit	8	static
