../Core/Src/stm32f7xx_hal_msp.c:63:6:HAL_MspInit	8	static
../Core/Src/stm32f7xx_hal_msp.c:86:6:HAL_CRC_MspInit	8	static
../Core/Src/stm32f7xx_hal_msp.c:109:6:HAL_CRC_MspDeInit	0	static
../Core/Src/stm32f7xx_hal_msp.c:131:6:HAL_RNG_MspInit	160	static
../Core/Src/stm32f7xx_hal_msp.c:165:6:HAL_RNG_MspDeInit	0	static
../Core/Src/stm32f7xx_hal_msp.c:187:6:HAL_TIM_Base_MspInit	8	static
../Core/Src/stm32f7xx_hal_msp.c:210:6:HAL_TIM_Base_MspDeInit	0	static
../Core/Src/stm32f7xx_hal_msp.c:232:6:HAL_UART_MspInit	184	static
../Core/Src/stm32f7xx_hal_msp.c:283:6:HAL_UART_MspDeInit	8	static
